// Jest Snapshot v1, https://goo.gl/fbAQLP

exports[`renders converter component 1`] = `
Object {
  "asFragment": [Function],
  "baseElement": <body>
    <div>
      <div
        class="converter"
      >
        <h1>
          Exchange Credit
        </h1>
        <div
          class="controls"
        >
          <button>
            Cancel
          </button>
          <button>
            Exchange
          </button>
        </div>
        <div
          class="source"
        >
          <div
            class="pocket"
          >
            <label
              class="currency"
            >
              GBP
            </label>
            <span
              class="balance"
            >
              You have 
              £
               
              1000
            </span>
          </div>
          <div
            class="exchange"
          >
            <span
              class="sign"
            >
              -
            </span>
            <input
              name="source"
              placeholder=""
              type="text"
              value=""
            />
          </div>
        </div>
        <div
          class="target"
        >
          <div
            class="pocket"
          >
            <label
              class="currency"
            >
              EUR
            </label>
            <span
              class="balance"
            >
              You have 
              €
               
              200
            </span>
          </div>
          <div
            class="pocket"
          >
            <div
              class="exchange"
            >
              <span
                class="sign"
              >
                +
              </span>
              <input
                name="target"
                placeholder=""
                type="text"
                value=""
              />
            </div>
          </div>
        </div>
        <h5>
          Change your pockets for transfering money:
        </h5>
        <div
          class="changePockets"
        >
          <select
            id="sourcePocket"
            name="source"
          >
            <option
              value="EUR"
            >
              EUR
            </option>
            <option
              selected=""
              value="GBP"
            >
              GBP
            </option>
            <option
              value="USD"
            >
              USD
            </option>
          </select>
          <p>
            <i
              class="arrow right"
            />
          </p>
          <select
            id="targetPocket"
            name="target"
          >
            <option
              selected=""
              value="EUR"
            >
              EUR
            </option>
            <option
              value="GBP"
            >
              GBP
            </option>
            <option
              value="USD"
            >
              USD
            </option>
          </select>
        </div>
      </div>
    </div>
  </body>,
  "container": <div>
    <div
      class="converter"
    >
      <h1>
        Exchange Credit
      </h1>
      <div
        class="controls"
      >
        <button>
          Cancel
        </button>
        <button>
          Exchange
        </button>
      </div>
      <div
        class="source"
      >
        <div
          class="pocket"
        >
          <label
            class="currency"
          >
            GBP
          </label>
          <span
            class="balance"
          >
            You have 
            £
             
            1000
          </span>
        </div>
        <div
          class="exchange"
        >
          <span
            class="sign"
          >
            -
          </span>
          <input
            name="source"
            placeholder=""
            type="text"
            value=""
          />
        </div>
      </div>
      <div
        class="target"
      >
        <div
          class="pocket"
        >
          <label
            class="currency"
          >
            EUR
          </label>
          <span
            class="balance"
          >
            You have 
            €
             
            200
          </span>
        </div>
        <div
          class="pocket"
        >
          <div
            class="exchange"
          >
            <span
              class="sign"
            >
              +
            </span>
            <input
              name="target"
              placeholder=""
              type="text"
              value=""
            />
          </div>
        </div>
      </div>
      <h5>
        Change your pockets for transfering money:
      </h5>
      <div
        class="changePockets"
      >
        <select
          id="sourcePocket"
          name="source"
        >
          <option
            value="EUR"
          >
            EUR
          </option>
          <option
            selected=""
            value="GBP"
          >
            GBP
          </option>
          <option
            value="USD"
          >
            USD
          </option>
        </select>
        <p>
          <i
            class="arrow right"
          />
        </p>
        <select
          id="targetPocket"
          name="target"
        >
          <option
            selected=""
            value="EUR"
          >
            EUR
          </option>
          <option
            value="GBP"
          >
            GBP
          </option>
          <option
            value="USD"
          >
            USD
          </option>
        </select>
      </div>
    </div>
  </div>,
  "debug": [Function],
  "findAllByAltText": [Function],
  "findAllByDisplayValue": [Function],
  "findAllByLabelText": [Function],
  "findAllByPlaceholderText": [Function],
  "findAllByRole": [Function],
  "findAllByTestId": [Function],
  "findAllByText": [Function],
  "findAllByTitle": [Function],
  "findByAltText": [Function],
  "findByDisplayValue": [Function],
  "findByLabelText": [Function],
  "findByPlaceholderText": [Function],
  "findByRole": [Function],
  "findByTestId": [Function],
  "findByText": [Function],
  "findByTitle": [Function],
  "getAllByAltText": [Function],
  "getAllByDisplayValue": [Function],
  "getAllByLabelText": [Function],
  "getAllByPlaceholderText": [Function],
  "getAllByRole": [Function],
  "getAllByTestId": [Function],
  "getAllByText": [Function],
  "getAllByTitle": [Function],
  "getByAltText": [Function],
  "getByDisplayValue": [Function],
  "getByLabelText": [Function],
  "getByPlaceholderText": [Function],
  "getByRole": [Function],
  "getByTestId": [Function],
  "getByText": [Function],
  "getByTitle": [Function],
  "queryAllByAltText": [Function],
  "queryAllByDisplayValue": [Function],
  "queryAllByLabelText": [Function],
  "queryAllByPlaceholderText": [Function],
  "queryAllByRole": [Function],
  "queryAllByTestId": [Function],
  "queryAllByText": [Function],
  "queryAllByTitle": [Function],
  "queryByAltText": [Function],
  "queryByDisplayValue": [Function],
  "queryByLabelText": [Function],
  "queryByPlaceholderText": [Function],
  "queryByRole": [Function],
  "queryByTestId": [Function],
  "queryByText": [Function],
  "queryByTitle": [Function],
  "rerender": [Function],
  "unmount": [Function],
}
`;
